[08kwi2026 03:19:48.198] [main/INFO] [cpw.mods.modlauncher.Launcher/MODLAUNCHER]: ModLauncher running: args [--launchTarget, forgeclientdev, --version, 21.1.219, --assetIndex, 17, --assetsDir, C:\\Users\\Kuba\\.gradle\\caches\\neoformruntime\\assets, --gameDir, ., --fml.fmlVersion, 4.0.42, --fml.mcVersion, 1.21.1, --fml.neoForgeVersion, 21.1.219, --fml.neoFormVersion, 20240808.144430]
[08kwi2026 03:19:48.200] [main/INFO] [cpw.mods.modlauncher.Launcher/MODLAUNCHER]: JVM identified as Oracle Corporation Java HotSpot(TM) 64-Bit Server VM 21.0.6+8-LTS-188
[08kwi2026 03:19:48.201] [main/INFO] [cpw.mods.modlauncher.Launcher/MODLAUNCHER]: ModLauncher 11.0.5+main.901c6ea8 starting: java version 21.0.6 by Oracle Corporation; OS Windows 11 arch amd64 version 10.0
[08kwi2026 03:19:48.298] [main/WARN] [net.neoforged.fml.loading.FMLConfig/CORE]: Configuration file C:\Users\Kuba\DynamicVillageMod\run\config\fml.toml is not correct. Correcting
[08kwi2026 03:19:48.322] [main/INFO] [net.neoforged.fml.loading.ImmediateWindowHandler/]: Loading ImmediateWindowProvider fmlearlywindow
[08kwi2026 03:19:48.418] [main/INFO] [EARLYDISPLAY/]: Trying GL version 4.6
[08kwi2026 03:19:48.533] [main/INFO] [EARLYDISPLAY/]: Requested GL version 4.6 got version 4.6
[08kwi2026 03:19:48.594] [main/INFO] [mixin/]: SpongePowered MIXIN Subsystem Version=0.8.7 Source=union:/C:/Users/Kuba/.gradle/caches/modules-2/files-2.1/net.fabricmc/sponge-mixin/0.15.2+mixin.0.8.7/2af2f021d8e02a0220dc27a7a72b4666d66d44ca/sponge-mixin-0.15.2+mixin.0.8.7.jar%23138!/ Service=ModLauncher Env=CLIENT
[08kwi2026 03:19:48.600] [main/WARN] [net.neoforged.fml.loading.FMLConfig/CORE]: Configuration file C:\Users\Kuba\DynamicVillageMod\run\config\fml.toml is not correct. Correcting
[08kwi2026 03:19:48.748] [pool-2-thread-1/INFO] [EARLYDISPLAY/]: GL info: NVIDIA GeForce RTX 5070 Ti/PCIe/SSE2 GL version 4.6.0 NVIDIA 591.86, NVIDIA Corporation
[08kwi2026 03:19:48.834] [main/INFO] [net.neoforged.fml.loading.moddiscovery.locators.JarInJarDependencyLocator/]: Found 2 dependencies adding them to mods collection
[08kwi2026 03:19:48.835] [main/INFO] [net.neoforged.fml.loading.moddiscovery.ModDiscoverer/]: 
     Mod List:
		Name Version (Mod Id)

		Create 6.0.9 (create)
		Create: Dynamic Village 0.3 (dynamicvillage)
		Flywheel 1.0.4 (flywheel)
		Just Enough Items 19.27.0.339 (jei)
		Minecraft 1.21.1 (minecraft)
		NeoForge 21.1.219 (neoforge)
		Ponder 1.0.81+mc1.21.1 (ponder)
[08kwi2026 03:19:49.596] [main/INFO] [mixin/]: Compatibility level set to JAVA_21
[08kwi2026 03:19:49.604] [main/INFO] [cpw.mods.modlauncher.LaunchServiceHandler/MODLAUNCHER]: Launching target 'forgeclientdev' with arguments [--version, 21.1.219, --gameDir, ., --assetsDir, C:\Users\Kuba\.gradle\caches\neoformruntime\assets, --assetIndex, 17]
[08kwi2026 03:19:49.697] [main/WARN] [mixin/]: Reference map 'ponder.refmap.json' for ponder-common.mixins.json could not be read. If this is a development environment you can ignore this message
[08kwi2026 03:19:50.046] [main/WARN] [mixin/]: Error loading class: xaero/map/gui/GuiMap (java.lang.ClassNotFoundException: xaero.map.gui.GuiMap)
[08kwi2026 03:19:50.048] [main/WARN] [mixin/]: @Mixin target xaero.map.gui.GuiMap was not found create.mixins.json:compat.xaeros.XaeroFullscreenMapAccessor from mod create
[08kwi2026 03:19:50.049] [main/WARN] [mixin/]: Error loading class: xaero/map/gui/GuiMap (java.lang.ClassNotFoundException: xaero.map.gui.GuiMap)
[08kwi2026 03:19:50.049] [main/WARN] [mixin/]: @Mixin target xaero.map.gui.GuiMap was not found create.mixins.json:compat.xaeros.XaeroFullscreenMapMixin from mod create
[08kwi2026 03:19:50.066] [main/WARN] [mixin/]: Error loading class: org/jetbrains/annotations/ApiStatus$ScheduledForRemoval (java.lang.ClassNotFoundException: org.jetbrains.annotations.ApiStatus$ScheduledForRemoval)
[08kwi2026 03:19:50.103] [main/INFO] [MixinExtras|Service/]: Initializing MixinExtras via com.llamalad7.mixinextras.service.MixinExtrasServiceImpl(version=0.5.0).
[08kwi2026 03:19:51.462] [Datafixer Bootstrap/INFO] [com.mojang.datafixers.DataFixerBuilder/]: 229 Datafixer optimizations took 266 milliseconds
[08kwi2026 03:19:55.132] [main/WARN] [net.minecraft.commands.Commands/]: Ambiguity between arguments [teleport, location] and [teleport, destination] with inputs: [0.1 -0.5 .9, 0 0 0]
[08kwi2026 03:19:55.132] [main/WARN] [net.minecraft.commands.Commands/]: Ambiguity between arguments [teleport, location] and [teleport, targets] with inputs: [0.1 -0.5 .9, 0 0 0]
[08kwi2026 03:19:55.133] [main/WARN] [net.minecraft.commands.Commands/]: Ambiguity between arguments [teleport, destination] and [teleport, targets] with inputs: [Player, 0123, @e, dd12be42-52a9-4a91-a8a1-11c01849e498]
[08kwi2026 03:19:55.134] [main/WARN] [net.minecraft.commands.Commands/]: Ambiguity between arguments [teleport, targets] and [teleport, destination] with inputs: [Player, 0123, dd12be42-52a9-4a91-a8a1-11c01849e498]
[08kwi2026 03:19:55.134] [main/WARN] [net.minecraft.commands.Commands/]: Ambiguity between arguments [teleport, targets, location] and [teleport, targets, destination] with inputs: [0.1 -0.5 .9, 0 0 0]
[08kwi2026 03:19:55.209] [Render thread/WARN] [net.minecraft.server.packs.VanillaPackResourcesBuilder/]: Assets URL 'union:/C:/Users/Kuba/DynamicVillageMod/build/moddev/artifacts/neoforge-21.1.219.jar%23189!/assets/.mcassetsroot' uses unexpected schema
[08kwi2026 03:19:55.210] [Render thread/WARN] [net.minecraft.server.packs.VanillaPackResourcesBuilder/]: Assets URL 'union:/C:/Users/Kuba/DynamicVillageMod/build/moddev/artifacts/neoforge-21.1.219.jar%23189!/data/.mcassetsroot' uses unexpected schema
[08kwi2026 03:19:55.240] [Render thread/INFO] [com.mojang.authlib.yggdrasil.YggdrasilAuthenticationService/]: Environment: Environment[sessionHost=https://sessionserver.mojang.com, servicesHost=https://api.minecraftservices.com, name=PROD]
[08kwi2026 03:19:55.244] [Render thread/INFO] [net.minecraft.client.Minecraft/]: Setting user: Dev
[08kwi2026 03:19:55.306] [Render thread/INFO] [net.minecraft.client.Minecraft/]: Backend library: LWJGL version 3.3.3+5
[08kwi2026 03:19:55.541] [Thread-3/INFO] [com.mojang.blaze3d.platform.GlDebug/]: OpenGL debug message: id=1280, source=API, type=ERROR, severity=HIGH, message='GL_INVALID_ENUM error generated.'
[08kwi2026 03:19:55.577] [modloading-worker-0/INFO] [net.neoforged.neoforge.common.NeoForgeMod/NEOFORGE-MOD]: NeoForge mod loading, version 21.1.219, for MC 1.21.1
[08kwi2026 03:19:55.633] [modloading-worker-0/INFO] [com.simibubi.create.Create/]: Create 6.0.9 initializing! Commit hash: e2de2b9a02406ec33ff6d8851ed6f0b56240b6ec
[08kwi2026 03:19:55.644] [modloading-worker-0/INFO] [mezz.jei.library.load.PluginCaller/]: Sending ConfigManager...
[08kwi2026 03:19:55.646] [modloading-worker-0/INFO] [mezz.jei.library.load.PluginCaller/]: Sending ConfigManager took 852.0 microseconds
[08kwi2026 03:19:57.162] [Render thread/INFO] [net.neoforged.neoforge.gametest.GameTestHooks/]: Enabled Gametest Namespaces: []
[08kwi2026 03:19:57.306] [Render thread/INFO] [net.minecraft.server.packs.resources.ReloadableResourceManager/]: Reloading ResourceManager: vanilla, mod_resources, mod/dynamicvillage, mod/flywheel, mod/ponder, mod/create, mod/neoforge, mod/jei
[08kwi2026 03:19:57.415] [Worker-Main-10/INFO] [net.minecraft.client.gui.font.providers.UnihexProvider/]: Found unifont_all_no_pua-15.1.05.hex, loading
[08kwi2026 03:19:57.415] [Worker-Main-12/INFO] [net.minecraft.client.gui.font.providers.UnihexProvider/]: Found unifont_jp_patch-15.1.05.hex, loading
[08kwi2026 03:19:58.666] [Worker-Main-1/INFO] [PonderIndex/]: Registering Ponder Scenes took 49.86 ms
[08kwi2026 03:19:58.672] [Worker-Main-1/INFO] [PonderIndex/]: Registering Ponder Tags took 4.431 ms
[08kwi2026 03:19:58.760] [Render thread/WARN] [net.minecraft.client.sounds.SoundEngine/]: Missing sound for event: minecraft:item.goat_horn.play
[08kwi2026 03:19:58.760] [Render thread/WARN] [net.minecraft.client.sounds.SoundEngine/]: Missing sound for event: minecraft:entity.goat.screaming.horn_break
[08kwi2026 03:19:58.793] [Render thread/INFO] [com.mojang.blaze3d.audio.Library/]: OpenAL initialized on device OpenAL Soft on Głośniki (2 — PDX22 AUDIO)
[08kwi2026 03:19:58.794] [Render thread/INFO] [net.minecraft.client.sounds.SoundEngine/SOUNDS]: Sound engine started
[08kwi2026 03:19:58.870] [Render thread/INFO] [net.minecraft.client.renderer.texture.TextureAtlas/]: Created: 2048x1024x4 minecraft:textures/atlas/blocks.png-atlas
[08kwi2026 03:19:58.878] [Render thread/INFO] [net.minecraft.client.renderer.texture.TextureAtlas/]: Created: 256x256x4 minecraft:textures/atlas/signs.png-atlas
[08kwi2026 03:19:58.878] [Render thread/INFO] [net.minecraft.client.renderer.texture.TextureAtlas/]: Created: 512x512x4 minecraft:textures/atlas/shield_patterns.png-atlas
[08kwi2026 03:19:58.879] [Render thread/INFO] [net.minecraft.client.renderer.texture.TextureAtlas/]: Created: 512x512x4 minecraft:textures/atlas/banner_patterns.png-atlas
[08kwi2026 03:19:58.879] [Render thread/INFO] [net.minecraft.client.renderer.texture.TextureAtlas/]: Created: 2048x1024x4 minecraft:textures/atlas/armor_trims.png-atlas
[08kwi2026 03:19:58.882] [Render thread/INFO] [net.minecraft.client.renderer.texture.TextureAtlas/]: Created: 256x256x4 minecraft:textures/atlas/chest.png-atlas
[08kwi2026 03:19:58.882] [Render thread/INFO] [net.minecraft.client.renderer.texture.TextureAtlas/]: Created: 128x64x4 minecraft:textures/atlas/decorated_pot.png-atlas
[08kwi2026 03:19:58.882] [Render thread/INFO] [net.minecraft.client.renderer.texture.TextureAtlas/]: Created: 512x256x4 minecraft:textures/atlas/beds.png-atlas
[08kwi2026 03:19:58.882] [Render thread/INFO] [net.minecraft.client.renderer.texture.TextureAtlas/]: Created: 512x256x4 minecraft:textures/atlas/shulker_boxes.png-atlas
[08kwi2026 03:19:58.920] [Render thread/INFO] [net.minecraft.client.renderer.texture.TextureAtlas/]: Created: 512x256x0 minecraft:textures/atlas/particles.png-atlas
[08kwi2026 03:19:58.922] [Render thread/INFO] [net.minecraft.client.renderer.texture.TextureAtlas/]: Created: 512x256x0 minecraft:textures/atlas/paintings.png-atlas
[08kwi2026 03:19:58.922] [Render thread/INFO] [net.minecraft.client.renderer.texture.TextureAtlas/]: Created: 256x128x0 minecraft:textures/atlas/mob_effects.png-atlas
[08kwi2026 03:19:58.922] [Render thread/INFO] [net.minecraft.client.renderer.texture.TextureAtlas/]: Created: 64x64x0 minecraft:textures/atlas/map_decorations.png-atlas
[08kwi2026 03:19:58.922] [Render thread/INFO] [net.minecraft.client.renderer.texture.TextureAtlas/]: Created: 1024x512x0 minecraft:textures/atlas/gui.png-atlas
[08kwi2026 03:19:58.936] [Render thread/WARN] [net.minecraft.client.renderer.ShaderInstance/]: Shader rendertype_entity_translucent_emissive could not find sampler named Sampler2 in the specified shader program.
[08kwi2026 03:19:58.994] [Render thread/INFO] [flywheel/backend/shaders/]: Loaded 77 shader sources in 11,986 ms
[08kwi2026 03:19:59.008] [Render thread/INFO] [com.simibubi.create.Create/]: Loaded 58 train hat configurations.
[08kwi2026 03:19:59.009] [Render thread/INFO] [net.neoforged.neoforge.client.entity.animation.json.AnimationLoader/]: Loaded 0 entity animations
[08kwi2026 03:19:59.009] [Render thread/INFO] [net.minecraft.client.renderer.texture.TextureAtlas/]: Created: 256x256x0 jei:textures/atlas/gui.png-atlas
[08kwi2026 03:19:59.013] [Render thread/WARN] [flywheel/config/]: 'backend' value 'INSTANCING' is not a valid resource location
[08kwi2026 03:20:02.489] [Render thread/INFO] [com.simibubi.create.Create/]: Created 157 recipes which will be injected into the game
[08kwi2026 03:20:02.492] [Render thread/INFO] [com.simibubi.create.Create/]: Created 0 tags which will be injected into the game
[08kwi2026 03:20:03.092] [Render thread/INFO] [net.minecraft.world.item.crafting.RecipeManager/]: Loaded 2783 recipes
[08kwi2026 03:20:03.208] [Render thread/INFO] [net.minecraft.advancements.AdvancementTree/]: Loaded 2474 advancements
[08kwi2026 03:20:03.680] [Server thread/INFO] [net.minecraft.client.server.IntegratedServer/]: Starting integrated minecraft server version 1.21.1
[08kwi2026 03:20:03.680] [Server thread/INFO] [net.minecraft.server.MinecraftServer/]: Generating keypair
[08kwi2026 03:20:04.257] [Server thread/INFO] [net.minecraft.server.MinecraftServer/]: Preparing start region for dimension minecraft:overworld
[08kwi2026 03:20:04.451] [progressListener/INFO] [net.minecraft.server.level.progress.LoggerChunkProgressListener/]: Preparing spawn area: 0%
[08kwi2026 03:20:04.596] [Server thread/INFO] [net.neoforged.neoforge.server.permission.PermissionAPI/]: Successfully initialized permission handler neoforge:default_handler
[08kwi2026 03:20:04.606] [progressListener/INFO] [net.minecraft.server.level.progress.LoggerChunkProgressListener/]: Time elapsed: 344 ms
[08kwi2026 03:20:04.643] [Server thread/INFO] [net.minecraft.client.server.IntegratedServer/]: Changing view distance to 12, from 10
[08kwi2026 03:20:04.643] [Server thread/INFO] [net.minecraft.client.server.IntegratedServer/]: Changing simulation distance to 12, from 0
[08kwi2026 03:20:04.972] [Render thread/INFO] [com.simibubi.create.Create/]: Created 157 recipes which will be injected into the game
[08kwi2026 03:20:04.975] [Render thread/INFO] [com.simibubi.create.Create/]: Created 0 tags which will be injected into the game
[08kwi2026 03:20:05.130] [Server thread/INFO] [net.minecraft.server.players.PlayerList/]: Dev[local:E:f89f082d] logged in with entity id 101 at (-11.407885292581392, 110.0, -10.522458043386244)
[08kwi2026 03:20:05.180] [Server thread/INFO] [net.minecraft.server.MinecraftServer/]: Dev joined the game
[08kwi2026 03:20:05.295] [Render thread/INFO] [net.minecraft.client.gui.components.ChatComponent/]: [System] [CHAT] [WARN] Some of Create's visual features will not be available while Fabulous graphics are enabled!
[08kwi2026 03:20:05.316] [Render thread/INFO] [flywheel/]: Started 10 worker threads
[08kwi2026 03:20:05.378] [Render thread/INFO] [mezz.jei.core.util.LoggedTimer/]: Starting JEI...
[08kwi2026 03:20:05.390] [Render thread/INFO] [mezz.jei.library.load.PluginCaller/]: Registering item subtypes...
[08kwi2026 03:20:05.404] [Render thread/INFO] [mezz.jei.library.load.PluginCallerTimerRunnable/]: Registering item subtypes: jei:minecraft took 11.99 milliseconds
[08kwi2026 03:20:05.404] [Render thread/INFO] [mezz.jei.library.load.PluginCaller/]: Registering item subtypes took 12.89 milliseconds
[08kwi2026 03:20:05.405] [Render thread/INFO] [mezz.jei.library.load.PluginCaller/]: Registering fluid subtypes...
[08kwi2026 03:20:05.410] [Render thread/INFO] [mezz.jei.library.load.PluginCaller/]: Registering fluid subtypes took 4.614 milliseconds
[08kwi2026 03:20:05.415] [Render thread/INFO] [mezz.jei.library.load.PluginCaller/]: Registering ingredients...
[08kwi2026 03:20:05.552] [Render thread/INFO] [mezz.jei.library.load.PluginCallerTimerRunnable/]: Registering ingredients: jei:minecraft took 135.3 milliseconds
[08kwi2026 03:20:05.552] [Render thread/INFO] [mezz.jei.library.load.PluginCaller/]: Registering ingredients took 136.1 milliseconds
[08kwi2026 03:20:05.552] [Render thread/INFO] [mezz.jei.library.load.PluginCaller/]: Registering extra ingredients...
[08kwi2026 03:20:05.558] [Render thread/INFO] [mezz.jei.library.load.PluginCaller/]: Registering extra ingredients took 5.643 milliseconds
[08kwi2026 03:20:05.558] [Render thread/INFO] [mezz.jei.library.load.PluginCaller/]: Registering search ingredient aliases...
[08kwi2026 03:20:05.559] [Render thread/INFO] [mezz.jei.library.load.PluginCaller/]: Registering search ingredient aliases took 517.2 microseconds
[08kwi2026 03:20:05.582] [Render thread/INFO] [mezz.jei.library.load.PluginCaller/]: Registering Mod Info...
[08kwi2026 03:20:05.583] [Render thread/INFO] [mezz.jei.library.load.PluginCaller/]: Registering Mod Info took 294.5 microseconds
[08kwi2026 03:20:05.606] [Render thread/INFO] [mezz.jei.library.load.PluginCaller/]: Registering categories...
[08kwi2026 03:20:05.630] [Render thread/INFO] [mezz.jei.library.load.PluginCallerTimerRunnable/]: Registering categories: jei:minecraft took 23.77 milliseconds
[08kwi2026 03:20:05.719] [Render thread/INFO] [mezz.jei.library.load.PluginCallerTimerRunnable/]: Registering categories: create:jei_plugin took 87.97 milliseconds
[08kwi2026 03:20:05.728] [Render thread/INFO] [mezz.jei.library.load.PluginCaller/]: Registering categories took 121.4 milliseconds
[08kwi2026 03:20:05.730] [Render thread/INFO] [mezz.jei.library.load.PluginCaller/]: Registering vanilla category extensions...
[08kwi2026 03:20:05.734] [Render thread/INFO] [mezz.jei.library.load.PluginCaller/]: Registering vanilla category extensions took 4.304 milliseconds
[08kwi2026 03:20:05.736] [Render thread/INFO] [mezz.jei.library.load.PluginCaller/]: Registering recipe catalysts...
[08kwi2026 03:20:05.739] [Render thread/INFO] [mezz.jei.library.load.PluginCaller/]: Registering recipe catalysts took 1.928 milliseconds
[08kwi2026 03:20:05.739] [Render thread/INFO] [mezz.jei.core.util.LoggedTimer/]: Building recipe registry...
[08kwi2026 03:20:05.762] [Render thread/INFO] [mezz.jei.core.util.LoggedTimer/]: Building recipe registry took 22.38 milliseconds
[08kwi2026 03:20:05.765] [Render thread/INFO] [mezz.jei.library.load.PluginCaller/]: Registering advanced plugins...
[08kwi2026 03:20:05.765] [Render thread/INFO] [mezz.jei.library.load.PluginCaller/]: Registering advanced plugins took 273.1 microseconds
[08kwi2026 03:20:05.767] [Render thread/INFO] [mezz.jei.library.load.PluginCaller/]: Registering recipes...
[08kwi2026 03:20:05.943] [Render thread/INFO] [mezz.jei.library.load.PluginCallerTimerRunnable/]: Registering recipes: jei:minecraft took 174.7 milliseconds
[08kwi2026 03:20:06.036] [Render thread/INFO] [mezz.jei.library.load.PluginCallerTimerRunnable/]: Registering recipes: create:jei_plugin took 92.58 milliseconds
[08kwi2026 03:20:06.066] [Render thread/INFO] [mezz.jei.library.load.PluginCallerTimerRunnable/]: Registering recipes: jei:internal took 29.57 milliseconds
[08kwi2026 03:20:06.066] [Render thread/INFO] [mezz.jei.library.load.PluginCaller/]: Registering recipes took 298.2 milliseconds
[08kwi2026 03:20:06.079] [Render thread/INFO] [mezz.jei.library.load.PluginCaller/]: Registering recipes transfer handlers...
[08kwi2026 03:20:06.089] [Render thread/INFO] [mezz.jei.library.load.PluginCaller/]: Registering recipes transfer handlers took 9.689 milliseconds
[08kwi2026 03:20:06.101] [Render thread/INFO] [mezz.jei.core.util.LoggedTimer/]: Building runtime...
[08kwi2026 03:20:06.108] [Render thread/INFO] [mezz.jei.library.load.PluginCaller/]: Registering gui handlers...
[08kwi2026 03:20:06.124] [Render thread/INFO] [mezz.jei.library.load.PluginCaller/]: Registering gui handlers took 15.25 milliseconds
[08kwi2026 03:20:06.134] [Render thread/INFO] [mezz.jei.library.load.PluginCaller/]: Registering Runtime...
[08kwi2026 03:20:06.136] [Render thread/INFO] [mezz.jei.gui.startup.JeiGuiStarter/]: Starting JEI GUI
[08kwi2026 03:20:06.136] [Render thread/INFO] [mezz.jei.core.util.LoggedTimer/]: Building ingredient list...
[08kwi2026 03:20:06.156] [Render thread/INFO] [mezz.jei.core.util.LoggedTimer/]: Building ingredient list took 19.26 milliseconds
[08kwi2026 03:20:06.156] [Render thread/INFO] [mezz.jei.core.util.LoggedTimer/]: Building ingredient filter...
[08kwi2026 03:20:06.222] [Render thread/INFO] [mezz.jei.gui.ingredients.IngredientFilter/]: Adding 2380 ingredients
[08kwi2026 03:20:06.432] [Render thread/INFO] [mezz.jei.gui.ingredients.IngredientFilter/]: Added 2380 ingredients
[08kwi2026 03:20:06.433] [Render thread/INFO] [mezz.jei.core.util.LoggedTimer/]: Building ingredient filter took 276.9 milliseconds
[08kwi2026 03:20:06.602] [Render thread/INFO] [mezz.jei.library.load.PluginCallerTimerRunnable/]: Registering Runtime: jei:neoforge_gui took 466.7 milliseconds
[08kwi2026 03:20:06.602] [Render thread/INFO] [mezz.jei.library.load.PluginCaller/]: Registering Runtime took 467.5 milliseconds
[08kwi2026 03:20:06.603] [Render thread/INFO] [mezz.jei.core.util.LoggedTimer/]: Building runtime took 502.5 milliseconds
[08kwi2026 03:20:06.604] [Render thread/INFO] [mezz.jei.library.load.PluginCaller/]: Sending Runtime...
[08kwi2026 03:20:06.604] [Render thread/INFO] [mezz.jei.library.load.PluginCaller/]: Sending Runtime took 263.1 microseconds
[08kwi2026 03:20:06.604] [Render thread/INFO] [mezz.jei.core.util.LoggedTimer/]: Starting JEI took 1.225 seconds
[08kwi2026 03:20:06.622] [Render thread/INFO] [net.minecraft.advancements.AdvancementTree/]: Loaded 240 advancements
[08kwi2026 03:20:30.047] [Server thread/INFO] [net.minecraft.client.server.IntegratedServer/]: Saving and pausing game...
[08kwi2026 03:20:30.059] [Server thread/INFO] [net.minecraft.server.MinecraftServer/]: Saving chunks for level 'ServerLevel[Testworld]'/minecraft:overworld
[08kwi2026 03:20:30.070] [Server thread/INFO] [net.minecraft.server.MinecraftServer/]: Saving chunks for level 'ServerLevel[Testworld]'/minecraft:the_nether
[08kwi2026 03:20:30.070] [Server thread/INFO] [net.minecraft.server.MinecraftServer/]: Saving chunks for level 'ServerLevel[Testworld]'/minecraft:the_end
[08kwi2026 03:20:30.555] [Render thread/INFO] [mezz.jei.library.startup.JeiStarter/]: Stopping JEI
[08kwi2026 03:20:30.556] [Render thread/INFO] [mezz.jei.library.load.PluginCaller/]: Sending Runtime Unavailable...
[08kwi2026 03:20:30.556] [Render thread/INFO] [mezz.jei.neoforge.plugins.neoforge.NeoForgeGuiPlugin/]: Stopping JEI GUI
[08kwi2026 03:20:30.557] [Render thread/INFO] [mezz.jei.library.load.PluginCaller/]: Sending Runtime Unavailable took 743.0 microseconds
[08kwi2026 03:20:30.603] [Server thread/INFO] [net.minecraft.server.network.ServerGamePacketListenerImpl/]: Dev lost connection: Disconnected
[08kwi2026 03:20:30.604] [Server thread/INFO] [net.minecraft.server.MinecraftServer/]: Dev left the game
[08kwi2026 03:20:30.611] [Server thread/INFO] [net.minecraft.server.network.ServerCommonPacketListenerImpl/]: Stopping singleplayer server as player logged out
[08kwi2026 03:20:30.647] [Server thread/INFO] [net.minecraft.server.MinecraftServer/]: Stopping server
[08kwi2026 03:20:30.647] [Server thread/INFO] [net.minecraft.server.MinecraftServer/]: Saving players
[08kwi2026 03:20:30.648] [Server thread/INFO] [net.minecraft.server.MinecraftServer/]: Saving worlds
[08kwi2026 03:20:30.902] [Server thread/INFO] [net.minecraft.server.MinecraftServer/]: Saving chunks for level 'ServerLevel[Testworld]'/minecraft:overworld
[08kwi2026 03:20:30.954] [Server thread/INFO] [net.minecraft.server.MinecraftServer/]: Saving chunks for level 'ServerLevel[Testworld]'/minecraft:the_nether
[08kwi2026 03:20:30.957] [Server thread/INFO] [net.minecraft.server.MinecraftServer/]: Saving chunks for level 'ServerLevel[Testworld]'/minecraft:the_end
[08kwi2026 03:20:30.964] [Server thread/INFO] [net.minecraft.server.MinecraftServer/]: ThreadedAnvilChunkStorage (Testworld): All chunks are saved
[08kwi2026 03:20:30.964] [Server thread/INFO] [net.minecraft.server.MinecraftServer/]: ThreadedAnvilChunkStorage (DIM-1): All chunks are saved
[08kwi2026 03:20:30.964] [Server thread/INFO] [net.minecraft.server.MinecraftServer/]: ThreadedAnvilChunkStorage (DIM1): All chunks are saved
[08kwi2026 03:20:30.964] [Server thread/INFO] [net.minecraft.server.MinecraftServer/]: ThreadedAnvilChunkStorage: All dimensions are saved
[08kwi2026 03:20:31.872] [Render thread/INFO] [net.minecraft.client.Minecraft/]: Stopping!
